// Jest Snapshot v1, https://goo.gl/fbAQLP

exports[`Pruebas en <GiftGtidItem /> debe de mostrar el componente correctamente 1`] = `
<div
  className="card animate__animated animate__fadeInDown"
>
  <img
    alt="Titulo"
    src="https://google.com"
  />
  <p>
    Titulo
  </p>
</div>
`;
